2025-05-15 21:10:54,585 - INFO - Starting Pastebin keyword crawler
2025-05-15 21:10:54,585 - INFO - Threading disabled, using sequential processing
2025-05-15 21:10:54,586 - INFO - Fetching Pastebin archive page
2025-05-15 21:10:55,036 - INFO - Found 0 paste IDs in archive
2025-05-15 21:10:55,036 - ERROR - No paste IDs found. Exiting.
2025-05-15 21:10:55,036 - INFO - Crawler finished execution
2025-05-15 21:12:18,044 - INFO - Starting Pastebin keyword crawler
2025-05-15 21:12:18,045 - INFO - Threading disabled, using sequential processing
2025-05-15 21:12:18,045 - INFO - Fetching Pastebin archive page
2025-05-15 21:12:18,433 - INFO - Found 50 paste IDs in archive
2025-05-15 21:12:18,434 - INFO - Starting sequential crawl
2025-05-15 21:12:21,574 - INFO - Fetching paste content: P1ed8az3
2025-05-15 21:12:22,000 - INFO - Paste P1ed8az3 contains keywords: t.me
2025-05-15 21:12:22,001 - INFO - Saved match for paste P1ed8az3 with keywords: t.me
2025-05-15 21:12:24,919 - INFO - Fetching paste content: cXwBJX4g
2025-05-15 21:12:25,655 - INFO - Paste cXwBJX4g contains keywords: t.me
2025-05-15 21:12:25,655 - INFO - Saved match for paste cXwBJX4g with keywords: t.me
2025-05-15 21:12:29,711 - INFO - Fetching paste content: hTsE5G75
2025-05-15 21:12:30,197 - INFO - Paste hTsE5G75 contains keywords: t.me
2025-05-15 21:12:30,198 - INFO - Saved match for paste hTsE5G75 with keywords: t.me
2025-05-15 21:12:32,596 - INFO - Fetching paste content: F4xWZGwG
2025-05-15 21:12:33,474 - INFO - Paste F4xWZGwG contains keywords: t.me
2025-05-15 21:12:33,475 - INFO - Saved match for paste F4xWZGwG with keywords: t.me
2025-05-15 21:12:36,124 - INFO - Fetching paste content: fDfT5Mqp
2025-05-15 21:12:36,950 - INFO - Paste fDfT5Mqp contains keywords: t.me
2025-05-15 21:12:36,950 - INFO - Saved match for paste fDfT5Mqp with keywords: t.me
2025-05-15 21:12:39,849 - INFO - Fetching paste content: whyhGtC6
2025-05-15 21:12:40,683 - INFO - No keywords found in paste whyhGtC6
2025-05-15 21:12:45,635 - INFO - Fetching paste content: hSjf5MM2
2025-05-15 21:12:46,473 - INFO - Paste hSjf5MM2 contains keywords: t.me
2025-05-15 21:12:46,474 - INFO - Saved match for paste hSjf5MM2 with keywords: t.me
2025-05-15 21:12:49,503 - INFO - Fetching paste content: R4JTmE72
2025-05-15 21:12:49,860 - INFO - Paste R4JTmE72 contains keywords: t.me
2025-05-15 21:12:49,861 - INFO - Saved match for paste R4JTmE72 with keywords: t.me
2025-05-15 21:12:53,841 - INFO - Fetching paste content: TxUqaEC1
2025-05-15 21:12:54,595 - INFO - Paste TxUqaEC1 contains keywords: t.me
2025-05-15 21:12:54,595 - INFO - Saved match for paste TxUqaEC1 with keywords: t.me
2025-05-15 21:12:58,686 - INFO - Fetching paste content: FDxeEXvZ
2025-05-15 21:12:59,477 - INFO - Paste FDxeEXvZ contains keywords: t.me
2025-05-15 21:12:59,478 - INFO - Saved match for paste FDxeEXvZ with keywords: t.me
2025-05-15 21:13:03,692 - INFO - Fetching paste content: US9vhxSX
2025-05-15 21:13:04,494 - INFO - Paste US9vhxSX contains keywords: t.me
2025-05-15 21:13:04,494 - INFO - Saved match for paste US9vhxSX with keywords: t.me
2025-05-15 21:13:09,357 - INFO - Fetching paste content: iBefiZRs
2025-05-15 21:13:10,138 - INFO - Paste iBefiZRs contains keywords: t.me
2025-05-15 21:13:10,138 - INFO - Saved match for paste iBefiZRs with keywords: t.me
2025-05-15 21:13:14,115 - INFO - Fetching paste content: mcrhqDy0
2025-05-15 21:13:14,938 - INFO - No keywords found in paste mcrhqDy0
2025-05-15 21:13:18,076 - INFO - Fetching paste content: ib39XSug
2025-05-15 21:13:19,253 - INFO - No keywords found in paste ib39XSug
2025-05-15 21:13:24,024 - INFO - Fetching paste content: Q5FwAzgt
2025-05-15 21:13:24,756 - INFO - Paste Q5FwAzgt contains keywords: t.me
2025-05-15 21:13:24,757 - INFO - Saved match for paste Q5FwAzgt with keywords: t.me
2025-05-15 21:13:28,823 - INFO - Fetching paste content: 1ZPhfFhg
2025-05-15 21:13:29,577 - INFO - Paste 1ZPhfFhg contains keywords: t.me
2025-05-15 21:13:29,577 - INFO - Saved match for paste 1ZPhfFhg with keywords: t.me
2025-05-15 21:13:33,031 - INFO - Fetching paste content: 3Tq3sE2b
2025-05-15 21:13:33,747 - INFO - No keywords found in paste 3Tq3sE2b
2025-05-15 21:13:36,346 - INFO - Fetching paste content: bCu8VCUV
2025-05-15 21:13:36,754 - INFO - Paste bCu8VCUV contains keywords: eth
2025-05-15 21:13:36,754 - INFO - Saved match for paste bCu8VCUV with keywords: eth
2025-05-15 21:13:40,193 - INFO - Fetching paste content: gaECNkPw
2025-05-15 21:13:41,015 - INFO - Paste gaECNkPw contains keywords: t.me
2025-05-15 21:13:41,015 - INFO - Saved match for paste gaECNkPw with keywords: t.me
2025-05-15 21:13:43,428 - INFO - Fetching paste content: iTivTHyr
2025-05-15 21:13:44,182 - INFO - Paste iTivTHyr contains keywords: t.me
2025-05-15 21:13:44,183 - INFO - Saved match for paste iTivTHyr with keywords: t.me
2025-05-15 21:13:46,325 - INFO - Fetching paste content: 7K4F4u1C
2025-05-15 21:13:47,090 - INFO - No keywords found in paste 7K4F4u1C
2025-05-15 21:13:49,579 - INFO - Fetching paste content: NLJSaZXE
2025-05-15 21:13:50,483 - INFO - Paste NLJSaZXE contains keywords: defi
2025-05-15 21:13:50,484 - INFO - Saved match for paste NLJSaZXE with keywords: defi
2025-05-15 21:13:53,573 - INFO - Fetching paste content: WJTKiATu
2025-05-15 21:13:54,329 - INFO - No keywords found in paste WJTKiATu
2025-05-15 21:13:58,239 - INFO - Fetching paste content: 7yrsBWVk
2025-05-15 21:13:59,071 - INFO - No keywords found in paste 7yrsBWVk
2025-05-15 21:14:03,624 - INFO - Fetching paste content: 5YFjL66F
2025-05-15 21:14:04,338 - INFO - No keywords found in paste 5YFjL66F
2025-05-15 21:14:07,112 - INFO - Fetching paste content: PvADQs3h
2025-05-15 21:14:07,877 - INFO - No keywords found in paste PvADQs3h
2025-05-15 21:14:10,294 - INFO - Fetching paste content: 1sCSebrG
2025-05-15 21:14:11,091 - INFO - No keywords found in paste 1sCSebrG
2025-05-15 21:14:14,441 - INFO - Fetching paste content: rJaceGDz
2025-05-15 21:14:15,184 - INFO - Paste rJaceGDz contains keywords: t.me
2025-05-15 21:14:15,185 - INFO - Saved match for paste rJaceGDz with keywords: t.me
2025-05-15 21:14:18,834 - INFO - Fetching paste content: 0qM7vupu
2025-05-15 21:14:19,778 - INFO - Paste 0qM7vupu contains keywords: crypto, eth, defi, btc, ada
2025-05-15 21:14:19,780 - INFO - Saved match for paste 0qM7vupu with keywords: crypto, eth, defi, btc, ada
2025-05-15 21:14:23,160 - INFO - Fetching paste content: 0F10m0Ks
2025-05-15 21:14:23,953 - INFO - No keywords found in paste 0F10m0Ks
2025-05-15 21:14:28,521 - INFO - Fetching paste content: N5R0x91c
2025-05-15 21:14:29,484 - INFO - No keywords found in paste N5R0x91c
2025-05-15 21:14:31,695 - INFO - Fetching paste content: QzAT8XmG
2025-05-15 21:14:32,452 - INFO - No keywords found in paste QzAT8XmG
2025-05-15 21:14:36,517 - INFO - Fetching paste content: LTQh1UqK
2025-05-15 21:14:37,240 - INFO - No keywords found in paste LTQh1UqK
2025-05-15 21:14:40,312 - INFO - Fetching paste content: NdHHZ2QA
2025-05-15 21:14:40,695 - INFO - Paste NdHHZ2QA contains keywords: t.me
2025-05-15 21:14:40,695 - INFO - Saved match for paste NdHHZ2QA with keywords: t.me
2025-05-15 21:14:43,766 - INFO - Fetching paste content: xdWkWr5g
2025-05-15 21:14:44,534 - INFO - No keywords found in paste xdWkWr5g
2025-05-15 21:14:47,750 - INFO - Fetching paste content: izjWzpeU
2025-05-15 21:14:48,111 - INFO - No keywords found in paste izjWzpeU
2025-05-15 21:14:50,626 - INFO - Fetching paste content: GVc9UiTJ
2025-05-15 21:14:51,394 - INFO - Paste GVc9UiTJ contains keywords: t.me
2025-05-15 21:14:51,394 - INFO - Saved match for paste GVc9UiTJ with keywords: t.me
2025-05-15 21:14:54,275 - INFO - Fetching paste content: DUEJjnW6
2025-05-15 21:14:55,007 - INFO - No keywords found in paste DUEJjnW6
2025-05-15 21:14:59,720 - INFO - Fetching paste content: QqVThSx7
2025-05-15 21:15:00,468 - INFO - No keywords found in paste QqVThSx7
2025-05-15 21:15:04,061 - INFO - Fetching paste content: 4JhkbXyu
2025-05-15 21:15:04,770 - INFO - No keywords found in paste 4JhkbXyu
2025-05-15 21:15:07,757 - INFO - Fetching paste content: YKF4qRyz
2025-05-15 21:15:08,474 - INFO - No keywords found in paste YKF4qRyz
2025-05-15 21:15:11,401 - INFO - Fetching paste content: urmK8nye
2025-05-15 21:15:12,097 - INFO - No keywords found in paste urmK8nye
2025-05-15 21:15:16,169 - INFO - Fetching paste content: mmqFuL7W
2025-05-15 21:15:16,876 - INFO - Paste mmqFuL7W contains keywords: t.me
2025-05-15 21:15:16,877 - INFO - Saved match for paste mmqFuL7W with keywords: t.me
2025-05-15 21:15:21,109 - INFO - Fetching paste content: AUQknLrx
2025-05-15 21:15:21,908 - INFO - Paste AUQknLrx contains keywords: t.me
2025-05-15 21:15:21,908 - INFO - Saved match for paste AUQknLrx with keywords: t.me
2025-05-15 21:15:26,409 - INFO - Fetching paste content: L5AUfSmJ
2025-05-15 21:15:27,166 - INFO - No keywords found in paste L5AUfSmJ
2025-05-15 21:15:31,281 - INFO - Fetching paste content: N3mUtTUL
2025-05-15 21:15:32,004 - INFO - No keywords found in paste N3mUtTUL
2025-05-15 21:15:36,177 - INFO - Fetching paste content: HFpwcwue
2025-05-15 21:15:36,937 - INFO - No keywords found in paste HFpwcwue
2025-05-15 21:15:39,208 - INFO - Fetching paste content: 9hLVBmhm
2025-05-15 21:15:39,921 - INFO - No keywords found in paste 9hLVBmhm
2025-05-15 21:15:42,012 - INFO - Fetching paste content: ENhkRQXK
2025-05-15 21:15:42,752 - INFO - Paste ENhkRQXK contains keywords: t.me
2025-05-15 21:15:42,752 - INFO - Saved match for paste ENhkRQXK with keywords: t.me
2025-05-15 21:15:45,743 - INFO - Fetching paste content: 36Ey77jE
2025-05-15 21:15:46,484 - INFO - No keywords found in paste 36Ey77jE
2025-05-15 21:15:46,484 - INFO - Crawling complete. Processed 50 pastes, found 24 matches.
2025-05-15 21:15:46,484 - INFO - Crawler finished execution
2025-05-15 21:15:56,843 - INFO - Starting Pastebin keyword crawler
2025-05-15 21:15:56,843 - INFO - Threading enabled with 10 workers
2025-05-15 21:15:56,844 - INFO - Fetching Pastebin archive page
2025-05-15 21:15:57,237 - INFO - Found 50 paste IDs in archive
2025-05-15 21:15:57,237 - INFO - Starting threaded crawl with 10 workers
2025-05-15 21:15:59,719 - INFO - Fetching paste content: fDfT5Mqp
2025-05-15 21:16:00,066 - INFO - Paste fDfT5Mqp contains keywords: t.me
2025-05-15 21:16:00,067 - INFO - Saved match for paste fDfT5Mqp with keywords: t.me
2025-05-15 21:16:00,165 - INFO - Fetching paste content: hTsE5G75
2025-05-15 21:16:00,224 - INFO - Fetching paste content: GJBvLkMH
2025-05-15 21:16:00,253 - INFO - Fetching paste content: cXwBJX4g
2025-05-15 21:16:00,575 - INFO - Paste GJBvLkMH contains keywords: t.me
2025-05-15 21:16:00,576 - INFO - Saved match for paste GJBvLkMH with keywords: t.me
2025-05-15 21:16:00,972 - INFO - Paste hTsE5G75 contains keywords: t.me
2025-05-15 21:16:00,973 - INFO - Saved match for paste hTsE5G75 with keywords: t.me
2025-05-15 21:16:01,068 - INFO - Paste cXwBJX4g contains keywords: t.me
2025-05-15 21:16:01,068 - INFO - Saved match for paste cXwBJX4g with keywords: t.me
2025-05-15 21:16:01,177 - INFO - Fetching paste content: whyhGtC6
2025-05-15 21:16:01,337 - INFO - Fetching paste content: 9PMtysWY
2025-05-15 21:16:01,429 - INFO - Fetching paste content: P1ed8az3
2025-05-15 21:16:01,843 - INFO - Paste P1ed8az3 contains keywords: t.me
2025-05-15 21:16:01,843 - INFO - Saved match for paste P1ed8az3 with keywords: t.me
2025-05-15 21:16:01,888 - INFO - Fetching paste content: R4JTmE72
2025-05-15 21:16:01,906 - INFO - No keywords found in paste whyhGtC6
2025-05-15 21:16:01,916 - INFO - Fetching paste content: hSjf5MM2
2025-05-15 21:16:01,952 - INFO - Paste R4JTmE72 contains keywords: t.me
2025-05-15 21:16:01,952 - INFO - Saved match for paste R4JTmE72 with keywords: t.me
2025-05-15 21:16:01,987 - INFO - Paste hSjf5MM2 contains keywords: t.me
2025-05-15 21:16:01,988 - INFO - Saved match for paste hSjf5MM2 with keywords: t.me
2025-05-15 21:16:02,052 - INFO - Paste 9PMtysWY contains keywords: t.me
2025-05-15 21:16:02,053 - INFO - Saved match for paste 9PMtysWY with keywords: t.me
2025-05-15 21:16:02,165 - INFO - Fetching paste content: F4xWZGwG
2025-05-15 21:16:02,716 - INFO - Fetching paste content: TxUqaEC1
2025-05-15 21:16:02,783 - INFO - Paste TxUqaEC1 contains keywords: t.me
2025-05-15 21:16:02,784 - INFO - Saved match for paste TxUqaEC1 with keywords: t.me
2025-05-15 21:16:02,889 - INFO - Paste F4xWZGwG contains keywords: t.me
2025-05-15 21:16:02,890 - INFO - Saved match for paste F4xWZGwG with keywords: t.me
2025-05-15 21:16:03,053 - INFO - Fetching paste content: FDxeEXvZ
2025-05-15 21:16:03,128 - INFO - Paste FDxeEXvZ contains keywords: t.me
2025-05-15 21:16:03,129 - INFO - Saved match for paste FDxeEXvZ with keywords: t.me
2025-05-15 21:16:04,321 - INFO - Fetching paste content: 3Tq3sE2b
2025-05-15 21:16:04,393 - INFO - No keywords found in paste 3Tq3sE2b
2025-05-15 21:16:04,989 - INFO - Fetching paste content: US9vhxSX
2025-05-15 21:16:05,051 - INFO - Paste US9vhxSX contains keywords: t.me
2025-05-15 21:16:05,051 - INFO - Saved match for paste US9vhxSX with keywords: t.me
2025-05-15 21:16:05,091 - INFO - Fetching paste content: iBefiZRs
2025-05-15 21:16:05,163 - INFO - Paste iBefiZRs contains keywords: t.me
2025-05-15 21:16:05,163 - INFO - Saved match for paste iBefiZRs with keywords: t.me
2025-05-15 21:16:05,525 - INFO - Fetching paste content: Q5FwAzgt
2025-05-15 21:16:05,588 - INFO - Paste Q5FwAzgt contains keywords: t.me
2025-05-15 21:16:05,593 - INFO - Saved match for paste Q5FwAzgt with keywords: t.me
2025-05-15 21:16:05,744 - INFO - Fetching paste content: mcrhqDy0
2025-05-15 21:16:05,810 - INFO - No keywords found in paste mcrhqDy0
2025-05-15 21:16:06,372 - INFO - Fetching paste content: ib39XSug
2025-05-15 21:16:06,473 - INFO - No keywords found in paste ib39XSug
2025-05-15 21:16:06,600 - INFO - Fetching paste content: bCu8VCUV
2025-05-15 21:16:06,665 - INFO - Paste bCu8VCUV contains keywords: eth
2025-05-15 21:16:06,666 - INFO - Saved match for paste bCu8VCUV with keywords: eth
2025-05-15 21:16:06,808 - INFO - Fetching paste content: gaECNkPw
2025-05-15 21:16:06,896 - INFO - Paste gaECNkPw contains keywords: t.me
2025-05-15 21:16:06,896 - INFO - Saved match for paste gaECNkPw with keywords: t.me
2025-05-15 21:16:06,914 - INFO - Fetching paste content: 1ZPhfFhg
2025-05-15 21:16:06,976 - INFO - Paste 1ZPhfFhg contains keywords: t.me
2025-05-15 21:16:06,977 - INFO - Saved match for paste 1ZPhfFhg with keywords: t.me
2025-05-15 21:16:07,198 - INFO - Fetching paste content: 7K4F4u1C
2025-05-15 21:16:07,261 - INFO - No keywords found in paste 7K4F4u1C
2025-05-15 21:16:07,314 - INFO - Fetching paste content: iTivTHyr
2025-05-15 21:16:07,393 - INFO - Paste iTivTHyr contains keywords: t.me
2025-05-15 21:16:07,394 - INFO - Saved match for paste iTivTHyr with keywords: t.me
2025-05-15 21:16:07,985 - INFO - Fetching paste content: 7yrsBWVk
2025-05-15 21:16:08,063 - INFO - No keywords found in paste 7yrsBWVk
2025-05-15 21:16:08,264 - INFO - Fetching paste content: WJTKiATu
2025-05-15 21:16:08,342 - INFO - No keywords found in paste WJTKiATu
2025-05-15 21:16:08,604 - INFO - Fetching paste content: 5YFjL66F
2025-05-15 21:16:08,673 - INFO - No keywords found in paste 5YFjL66F
2025-05-15 21:16:09,211 - INFO - Fetching paste content: PvADQs3h
2025-05-15 21:16:09,527 - INFO - Fetching paste content: rJaceGDz
2025-05-15 21:16:09,530 - INFO - Fetching paste content: NLJSaZXE
2025-05-15 21:16:09,607 - INFO - Paste rJaceGDz contains keywords: t.me
2025-05-15 21:16:09,608 - INFO - Saved match for paste rJaceGDz with keywords: t.me
2025-05-15 21:16:09,651 - INFO - Paste NLJSaZXE contains keywords: defi
2025-05-15 21:16:09,651 - INFO - Saved match for paste NLJSaZXE with keywords: defi
2025-05-15 21:16:09,784 - INFO - Fetching paste content: 0qM7vupu
2025-05-15 21:16:09,865 - INFO - Paste 0qM7vupu contains keywords: crypto, eth, ada, defi, btc
2025-05-15 21:16:09,865 - INFO - Saved match for paste 0qM7vupu with keywords: crypto, eth, ada, defi, btc
2025-05-15 21:16:10,089 - INFO - Fetching paste content: 1sCSebrG
2025-05-15 21:16:10,166 - INFO - No keywords found in paste 1sCSebrG
2025-05-15 21:16:10,322 - INFO - No keywords found in paste PvADQs3h
2025-05-15 21:16:10,898 - INFO - Fetching paste content: NdHHZ2QA
2025-05-15 21:16:10,959 - INFO - Paste NdHHZ2QA contains keywords: t.me
2025-05-15 21:16:10,959 - INFO - Saved match for paste NdHHZ2QA with keywords: t.me
2025-05-15 21:16:11,697 - INFO - Fetching paste content: N5R0x91c
2025-05-15 21:16:11,769 - INFO - No keywords found in paste N5R0x91c
2025-05-15 21:16:11,879 - INFO - Fetching paste content: 0F10m0Ks
2025-05-15 21:16:11,940 - INFO - No keywords found in paste 0F10m0Ks
2025-05-15 21:16:11,981 - INFO - Fetching paste content: QzAT8XmG
2025-05-15 21:16:12,045 - INFO - No keywords found in paste QzAT8XmG
2025-05-15 21:16:12,218 - INFO - Fetching paste content: LTQh1UqK
2025-05-15 21:16:12,260 - INFO - Fetching paste content: GVc9UiTJ
2025-05-15 21:16:12,289 - INFO - No keywords found in paste LTQh1UqK
2025-05-15 21:16:12,340 - INFO - Paste GVc9UiTJ contains keywords: t.me
2025-05-15 21:16:12,340 - INFO - Saved match for paste GVc9UiTJ with keywords: t.me
2025-05-15 21:16:12,541 - INFO - Fetching paste content: izjWzpeU
2025-05-15 21:16:12,652 - INFO - No keywords found in paste izjWzpeU
2025-05-15 21:16:12,884 - INFO - Fetching paste content: DUEJjnW6
2025-05-15 21:16:12,961 - INFO - No keywords found in paste DUEJjnW6
2025-05-15 21:16:13,854 - INFO - Fetching paste content: xdWkWr5g
2025-05-15 21:16:13,925 - INFO - No keywords found in paste xdWkWr5g
2025-05-15 21:16:13,965 - INFO - Fetching paste content: QqVThSx7
2025-05-15 21:16:14,029 - INFO - No keywords found in paste QqVThSx7
2025-05-15 21:16:14,633 - INFO - Fetching paste content: 4JhkbXyu
2025-05-15 21:16:14,700 - INFO - No keywords found in paste 4JhkbXyu
2025-05-15 21:16:15,036 - INFO - Fetching paste content: YKF4qRyz
2025-05-15 21:16:15,100 - INFO - No keywords found in paste YKF4qRyz
2025-05-15 21:16:15,495 - INFO - Fetching paste content: mmqFuL7W
2025-05-15 21:16:15,566 - INFO - Paste mmqFuL7W contains keywords: t.me
2025-05-15 21:16:15,566 - INFO - Saved match for paste mmqFuL7W with keywords: t.me
2025-05-15 21:16:16,612 - INFO - Fetching paste content: urmK8nye
2025-05-15 21:16:16,678 - INFO - No keywords found in paste urmK8nye
2025-05-15 21:16:16,858 - INFO - Fetching paste content: L5AUfSmJ
2025-05-15 21:16:16,922 - INFO - Fetching paste content: N3mUtTUL
2025-05-15 21:16:16,926 - INFO - No keywords found in paste L5AUfSmJ
2025-05-15 21:16:16,995 - INFO - No keywords found in paste N3mUtTUL
2025-05-15 21:16:17,066 - INFO - Fetching paste content: HFpwcwue
2025-05-15 21:16:17,126 - INFO - No keywords found in paste HFpwcwue
2025-05-15 21:16:17,210 - INFO - Fetching paste content: 9hLVBmhm
2025-05-15 21:16:17,273 - INFO - No keywords found in paste 9hLVBmhm
2025-05-15 21:16:17,283 - INFO - Fetching paste content: AUQknLrx
2025-05-15 21:16:17,348 - INFO - Paste AUQknLrx contains keywords: t.me
2025-05-15 21:16:17,349 - INFO - Saved match for paste AUQknLrx with keywords: t.me
2025-05-15 21:16:17,351 - INFO - Crawling complete. Processed 50 pastes, found 25 matches.
2025-05-15 21:16:17,351 - INFO - Crawler finished execution
2025-05-15 21:16:47,072 - INFO - Starting Pastebin keyword crawler
2025-05-15 21:16:47,072 - INFO - Threading enabled with 10 workers
2025-05-15 21:16:47,072 - INFO - Fetching Pastebin archive page
2025-05-15 21:16:47,850 - INFO - Found 50 paste IDs in archive
2025-05-15 21:16:47,851 - INFO - Starting threaded crawl with 10 workers
2025-05-15 21:16:49,913 - INFO - Fetching paste content: hTsE5G75
2025-05-15 21:16:49,984 - INFO - Paste hTsE5G75 contains keywords: t.me
2025-05-15 21:16:49,985 - INFO - Saved match for paste hTsE5G75 with keywords: t.me
2025-05-15 21:16:50,961 - INFO - Fetching paste content: fDfT5Mqp
2025-05-15 21:16:51,035 - INFO - Paste fDfT5Mqp contains keywords: t.me
2025-05-15 21:16:51,036 - INFO - Saved match for paste fDfT5Mqp with keywords: t.me
2025-05-15 21:16:51,096 - INFO - Fetching paste content: whyhGtC6
2025-05-15 21:16:51,175 - INFO - No keywords found in paste whyhGtC6
2025-05-15 21:16:51,191 - INFO - Fetching paste content: P1ed8az3
2025-05-15 21:16:51,552 - INFO - Paste P1ed8az3 contains keywords: t.me
2025-05-15 21:16:51,557 - INFO - Saved match for paste P1ed8az3 with keywords: t.me
2025-05-15 21:16:51,605 - INFO - Fetching paste content: GJBvLkMH
2025-05-15 21:16:51,705 - INFO - Fetching paste content: 9QuJWJGa
2025-05-15 21:16:51,801 - INFO - Fetching paste content: 9PMtysWY
2025-05-15 21:16:51,904 - INFO - Fetching paste content: hSjf5MM2
2025-05-15 21:16:51,953 - INFO - Paste GJBvLkMH contains keywords: t.me
2025-05-15 21:16:51,953 - INFO - Saved match for paste GJBvLkMH with keywords: t.me
2025-05-15 21:16:51,967 - INFO - Paste hSjf5MM2 contains keywords: t.me
2025-05-15 21:16:51,967 - INFO - Saved match for paste hSjf5MM2 with keywords: t.me
2025-05-15 21:16:52,009 - INFO - Fetching paste content: F4xWZGwG
2025-05-15 21:16:52,071 - INFO - Paste F4xWZGwG contains keywords: t.me
2025-05-15 21:16:52,071 - INFO - Saved match for paste F4xWZGwG with keywords: t.me
2025-05-15 21:16:52,149 - INFO - Paste 9PMtysWY contains keywords: t.me
2025-05-15 21:16:52,150 - INFO - Saved match for paste 9PMtysWY with keywords: t.me
2025-05-15 21:16:52,281 - INFO - Fetching paste content: cXwBJX4g
2025-05-15 21:16:52,507 - INFO - Paste 9QuJWJGa contains keywords: t.me
2025-05-15 21:16:52,507 - INFO - Saved match for paste 9QuJWJGa with keywords: t.me
2025-05-15 21:16:52,654 - INFO - Fetching paste content: R4JTmE72
2025-05-15 21:16:52,666 - INFO - Paste cXwBJX4g contains keywords: t.me
2025-05-15 21:16:52,666 - INFO - Saved match for paste cXwBJX4g with keywords: t.me
2025-05-15 21:16:52,717 - INFO - Paste R4JTmE72 contains keywords: t.me
2025-05-15 21:16:52,717 - INFO - Saved match for paste R4JTmE72 with keywords: t.me
2025-05-15 21:16:53,740 - INFO - Fetching paste content: US9vhxSX
2025-05-15 21:16:53,818 - INFO - Paste US9vhxSX contains keywords: t.me
2025-05-15 21:16:53,819 - INFO - Saved match for paste US9vhxSX with keywords: t.me
2025-05-15 21:16:54,781 - INFO - Fetching paste content: FDxeEXvZ
2025-05-15 21:16:54,848 - INFO - Paste FDxeEXvZ contains keywords: t.me
2025-05-15 21:16:54,848 - INFO - Saved match for paste FDxeEXvZ with keywords: t.me
2025-05-15 21:16:55,214 - INFO - Fetching paste content: ib39XSug
2025-05-15 21:16:55,312 - INFO - No keywords found in paste ib39XSug
2025-05-15 21:16:55,370 - INFO - Fetching paste content: mcrhqDy0
2025-05-15 21:16:55,435 - INFO - No keywords found in paste mcrhqDy0
2025-05-15 21:16:55,556 - INFO - Fetching paste content: iBefiZRs
2025-05-15 21:16:55,598 - INFO - Fetching paste content: TxUqaEC1
2025-05-15 21:16:55,625 - INFO - Paste iBefiZRs contains keywords: t.me
2025-05-15 21:16:55,626 - INFO - Saved match for paste iBefiZRs with keywords: t.me
2025-05-15 21:16:55,641 - INFO - Fetching paste content: bCu8VCUV
2025-05-15 21:16:55,663 - INFO - Paste TxUqaEC1 contains keywords: t.me
2025-05-15 21:16:55,663 - INFO - Saved match for paste TxUqaEC1 with keywords: t.me
2025-05-15 21:16:55,710 - INFO - Paste bCu8VCUV contains keywords: eth
2025-05-15 21:16:55,710 - INFO - Saved match for paste bCu8VCUV with keywords: eth
2025-05-15 21:16:56,208 - INFO - Fetching paste content: 3Tq3sE2b
2025-05-15 21:16:56,276 - INFO - No keywords found in paste 3Tq3sE2b
2025-05-15 21:16:56,613 - INFO - Fetching paste content: Q5FwAzgt
2025-05-15 21:16:56,679 - INFO - Paste Q5FwAzgt contains keywords: t.me
2025-05-15 21:16:56,680 - INFO - Saved match for paste Q5FwAzgt with keywords: t.me
2025-05-15 21:16:56,762 - INFO - Fetching paste content: 1ZPhfFhg
2025-05-15 21:16:56,838 - INFO - Paste 1ZPhfFhg contains keywords: t.me
2025-05-15 21:16:56,839 - INFO - Saved match for paste 1ZPhfFhg with keywords: t.me
2025-05-15 21:16:57,098 - INFO - Fetching paste content: gaECNkPw
2025-05-15 21:16:57,167 - INFO - Paste gaECNkPw contains keywords: t.me
2025-05-15 21:16:57,168 - INFO - Saved match for paste gaECNkPw with keywords: t.me
2025-05-15 21:16:57,490 - INFO - Fetching paste content: iTivTHyr
2025-05-15 21:16:57,557 - INFO - Paste iTivTHyr contains keywords: t.me
2025-05-15 21:16:57,557 - INFO - Saved match for paste iTivTHyr with keywords: t.me
2025-05-15 21:16:58,393 - INFO - Fetching paste content: 7yrsBWVk
2025-05-15 21:16:58,468 - INFO - No keywords found in paste 7yrsBWVk
2025-05-15 21:16:58,929 - INFO - Fetching paste content: NLJSaZXE
2025-05-15 21:16:58,996 - INFO - Paste NLJSaZXE contains keywords: defi
2025-05-15 21:16:58,996 - INFO - Saved match for paste NLJSaZXE with keywords: defi
2025-05-15 21:16:59,175 - INFO - Fetching paste content: WJTKiATu
2025-05-15 21:16:59,236 - INFO - No keywords found in paste WJTKiATu
2025-05-15 21:17:00,013 - INFO - Fetching paste content: 7K4F4u1C
2025-05-15 21:17:00,099 - INFO - No keywords found in paste 7K4F4u1C
2025-05-15 21:17:00,191 - INFO - Fetching paste content: 1sCSebrG
2025-05-15 21:17:00,252 - INFO - No keywords found in paste 1sCSebrG
2025-05-15 21:17:00,441 - INFO - Fetching paste content: 5YFjL66F
2025-05-15 21:17:00,521 - INFO - No keywords found in paste 5YFjL66F
2025-05-15 21:17:00,531 - INFO - Fetching paste content: rJaceGDz
2025-05-15 21:17:00,592 - INFO - Paste rJaceGDz contains keywords: t.me
2025-05-15 21:17:00,592 - INFO - Saved match for paste rJaceGDz with keywords: t.me
2025-05-15 21:17:00,668 - INFO - Fetching paste content: 0qM7vupu
2025-05-15 21:17:00,761 - INFO - Paste 0qM7vupu contains keywords: crypto, defi, btc, eth, ada
2025-05-15 21:17:00,765 - INFO - Saved match for paste 0qM7vupu with keywords: crypto, defi, btc, eth, ada
2025-05-15 21:17:00,804 - INFO - Fetching paste content: PvADQs3h
2025-05-15 21:17:00,866 - INFO - No keywords found in paste PvADQs3h
2025-05-15 21:17:01,987 - INFO - Fetching paste content: 0F10m0Ks
2025-05-15 21:17:02,056 - INFO - No keywords found in paste 0F10m0Ks
2025-05-15 21:17:02,200 - INFO - Fetching paste content: NdHHZ2QA
2025-05-15 21:17:02,270 - INFO - Paste NdHHZ2QA contains keywords: t.me
2025-05-15 21:17:02,271 - INFO - Saved match for paste NdHHZ2QA with keywords: t.me
2025-05-15 21:17:02,622 - INFO - Fetching paste content: xdWkWr5g
2025-05-15 21:17:02,670 - INFO - Fetching paste content: N5R0x91c
2025-05-15 21:17:02,706 - INFO - No keywords found in paste xdWkWr5g
2025-05-15 21:17:02,741 - INFO - No keywords found in paste N5R0x91c
2025-05-15 21:17:02,789 - INFO - Fetching paste content: DUEJjnW6
2025-05-15 21:17:02,804 - INFO - Fetching paste content: GVc9UiTJ
2025-05-15 21:17:02,852 - INFO - No keywords found in paste DUEJjnW6
2025-05-15 21:17:02,889 - INFO - Paste GVc9UiTJ contains keywords: t.me
2025-05-15 21:17:02,889 - INFO - Saved match for paste GVc9UiTJ with keywords: t.me
2025-05-15 21:17:02,962 - INFO - Fetching paste content: LTQh1UqK
2025-05-15 21:17:03,032 - INFO - No keywords found in paste LTQh1UqK
2025-05-15 21:17:03,859 - INFO - Fetching paste content: izjWzpeU
2025-05-15 21:17:03,922 - INFO - No keywords found in paste izjWzpeU
2025-05-15 21:17:03,924 - INFO - Fetching paste content: QzAT8XmG
2025-05-15 21:17:03,988 - INFO - No keywords found in paste QzAT8XmG
2025-05-15 21:17:04,688 - INFO - Fetching paste content: QqVThSx7
2025-05-15 21:17:04,752 - INFO - No keywords found in paste QqVThSx7
2025-05-15 21:17:04,864 - INFO - Fetching paste content: YKF4qRyz
2025-05-15 21:17:04,941 - INFO - No keywords found in paste YKF4qRyz
2025-05-15 21:17:05,044 - INFO - Fetching paste content: N3mUtTUL
2025-05-15 21:17:05,111 - INFO - No keywords found in paste N3mUtTUL
2025-05-15 21:17:05,186 - INFO - Fetching paste content: mmqFuL7W
2025-05-15 21:17:05,252 - INFO - Paste mmqFuL7W contains keywords: t.me
2025-05-15 21:17:05,253 - INFO - Saved match for paste mmqFuL7W with keywords: t.me
2025-05-15 21:17:05,366 - INFO - Fetching paste content: 4JhkbXyu
2025-05-15 21:17:05,429 - INFO - No keywords found in paste 4JhkbXyu
2025-05-15 21:17:05,448 - INFO - Fetching paste content: urmK8nye
2025-05-15 21:17:05,517 - INFO - No keywords found in paste urmK8nye
2025-05-15 21:17:06,341 - INFO - Fetching paste content: L5AUfSmJ
2025-05-15 21:17:06,405 - INFO - No keywords found in paste L5AUfSmJ
2025-05-15 21:17:07,172 - INFO - Fetching paste content: AUQknLrx
2025-05-15 21:17:07,233 - INFO - Paste AUQknLrx contains keywords: t.me
2025-05-15 21:17:07,234 - INFO - Saved match for paste AUQknLrx with keywords: t.me
2025-05-15 21:17:07,954 - INFO - Fetching paste content: HFpwcwue
2025-05-15 21:17:08,027 - INFO - No keywords found in paste HFpwcwue
2025-05-15 21:17:08,028 - INFO - Crawling complete. Processed 50 pastes, found 26 matches.
2025-05-15 21:17:08,029 - INFO - Crawler finished execution
2025-05-15 21:17:16,858 - INFO - Starting Pastebin keyword crawler
2025-05-15 21:17:16,859 - INFO - Threading disabled, using sequential processing
2025-05-15 21:17:16,859 - INFO - Fetching Pastebin archive page
2025-05-15 21:17:17,284 - INFO - Found 50 paste IDs in archive
2025-05-15 21:17:17,284 - INFO - Starting sequential crawl
2025-05-15 21:17:21,039 - INFO - Fetching paste content: 9QuJWJGa
2025-05-15 21:17:21,508 - INFO - Paste 9QuJWJGa contains keywords: t.me
2025-05-15 21:17:21,509 - INFO - Saved match for paste 9QuJWJGa with keywords: t.me
2025-05-15 21:17:25,281 - INFO - Fetching paste content: 9PMtysWY
2025-05-15 21:17:25,707 - INFO - Paste 9PMtysWY contains keywords: t.me
2025-05-15 21:17:25,707 - INFO - Saved match for paste 9PMtysWY with keywords: t.me
2025-05-15 21:17:30,118 - INFO - Fetching paste content: GJBvLkMH
2025-05-15 21:17:30,519 - INFO - Paste GJBvLkMH contains keywords: t.me
2025-05-15 21:17:30,520 - INFO - Saved match for paste GJBvLkMH with keywords: t.me
2025-05-15 21:17:34,722 - INFO - Fetching paste content: P1ed8az3
2025-05-15 21:17:35,128 - INFO - Paste P1ed8az3 contains keywords: t.me
2025-05-15 21:17:35,128 - INFO - Saved match for paste P1ed8az3 with keywords: t.me
2025-05-15 21:17:38,647 - INFO - Fetching paste content: cXwBJX4g
2025-05-15 21:17:39,028 - INFO - Paste cXwBJX4g contains keywords: t.me
2025-05-15 21:17:39,029 - INFO - Saved match for paste cXwBJX4g with keywords: t.me
2025-05-15 21:17:44,010 - INFO - Fetching paste content: hTsE5G75
2025-05-15 21:17:44,332 - INFO - Paste hTsE5G75 contains keywords: t.me
2025-05-15 21:17:44,332 - INFO - Saved match for paste hTsE5G75 with keywords: t.me
2025-05-15 21:17:48,255 - INFO - Fetching paste content: F4xWZGwG
2025-05-15 21:17:48,325 - INFO - Paste F4xWZGwG contains keywords: t.me
2025-05-15 21:17:48,325 - INFO - Saved match for paste F4xWZGwG with keywords: t.me
2025-05-15 21:17:51,590 - INFO - Fetching paste content: fDfT5Mqp
2025-05-15 21:17:51,655 - INFO - Paste fDfT5Mqp contains keywords: t.me
2025-05-15 21:17:51,656 - INFO - Saved match for paste fDfT5Mqp with keywords: t.me
2025-05-15 21:17:53,727 - INFO - Fetching paste content: whyhGtC6
2025-05-15 21:17:53,797 - INFO - No keywords found in paste whyhGtC6
2025-05-15 21:17:55,935 - INFO - Fetching paste content: hSjf5MM2
2025-05-15 21:17:56,006 - INFO - Paste hSjf5MM2 contains keywords: t.me
2025-05-15 21:17:56,006 - INFO - Saved match for paste hSjf5MM2 with keywords: t.me
2025-05-15 21:18:00,307 - INFO - Fetching paste content: R4JTmE72
2025-05-15 21:18:00,381 - INFO - Paste R4JTmE72 contains keywords: t.me
2025-05-15 21:18:00,381 - INFO - Saved match for paste R4JTmE72 with keywords: t.me
2025-05-15 21:18:05,066 - INFO - Fetching paste content: TxUqaEC1
2025-05-15 21:18:05,128 - INFO - Paste TxUqaEC1 contains keywords: t.me
2025-05-15 21:18:05,129 - INFO - Saved match for paste TxUqaEC1 with keywords: t.me
2025-05-15 21:18:07,695 - INFO - Fetching paste content: FDxeEXvZ
2025-05-15 21:18:07,760 - INFO - Paste FDxeEXvZ contains keywords: t.me
2025-05-15 21:18:07,761 - INFO - Saved match for paste FDxeEXvZ with keywords: t.me
2025-05-15 21:18:10,052 - INFO - Fetching paste content: US9vhxSX
2025-05-15 21:18:10,127 - INFO - Paste US9vhxSX contains keywords: t.me
2025-05-15 21:18:10,128 - INFO - Saved match for paste US9vhxSX with keywords: t.me
2025-05-15 21:18:12,783 - INFO - Fetching paste content: iBefiZRs
2025-05-15 21:18:12,866 - INFO - Paste iBefiZRs contains keywords: t.me
2025-05-15 21:18:12,867 - INFO - Saved match for paste iBefiZRs with keywords: t.me
2025-05-15 21:18:15,198 - INFO - Fetching paste content: mcrhqDy0
2025-05-15 21:18:15,283 - INFO - No keywords found in paste mcrhqDy0
2025-05-15 21:18:18,432 - INFO - Fetching paste content: ib39XSug
2025-05-15 21:18:18,531 - INFO - No keywords found in paste ib39XSug
2025-05-15 21:18:23,228 - INFO - Fetching paste content: Q5FwAzgt
2025-05-15 21:18:23,305 - INFO - Paste Q5FwAzgt contains keywords: t.me
2025-05-15 21:18:23,307 - INFO - Saved match for paste Q5FwAzgt with keywords: t.me
2025-05-15 21:18:25,382 - INFO - Fetching paste content: 1ZPhfFhg
2025-05-15 21:18:25,449 - INFO - Paste 1ZPhfFhg contains keywords: t.me
2025-05-15 21:18:25,449 - INFO - Saved match for paste 1ZPhfFhg with keywords: t.me
2025-05-15 21:18:29,437 - INFO - Fetching paste content: 3Tq3sE2b
2025-05-15 21:18:29,509 - INFO - No keywords found in paste 3Tq3sE2b
2025-05-15 21:18:34,234 - INFO - Fetching paste content: bCu8VCUV
2025-05-15 21:18:34,303 - INFO - Paste bCu8VCUV contains keywords: eth
2025-05-15 21:18:34,304 - INFO - Saved match for paste bCu8VCUV with keywords: eth
2025-05-15 21:18:38,274 - INFO - Fetching paste content: gaECNkPw
2025-05-15 21:18:38,346 - INFO - Paste gaECNkPw contains keywords: t.me
2025-05-15 21:18:38,346 - INFO - Saved match for paste gaECNkPw with keywords: t.me
2025-05-15 21:18:42,978 - INFO - Fetching paste content: iTivTHyr
2025-05-15 21:18:43,051 - INFO - Paste iTivTHyr contains keywords: t.me
2025-05-15 21:18:43,051 - INFO - Saved match for paste iTivTHyr with keywords: t.me
2025-05-15 21:18:47,507 - INFO - Fetching paste content: 7K4F4u1C
2025-05-15 21:18:47,585 - INFO - No keywords found in paste 7K4F4u1C
2025-05-15 21:18:51,165 - INFO - Fetching paste content: NLJSaZXE
2025-05-15 21:18:51,233 - INFO - Paste NLJSaZXE contains keywords: defi
2025-05-15 21:18:51,233 - INFO - Saved match for paste NLJSaZXE with keywords: defi
2025-05-15 21:18:56,204 - INFO - Fetching paste content: WJTKiATu
2025-05-15 21:18:56,281 - INFO - No keywords found in paste WJTKiATu
2025-05-15 21:18:59,622 - INFO - Fetching paste content: 7yrsBWVk
2025-05-15 21:18:59,689 - INFO - No keywords found in paste 7yrsBWVk
2025-05-15 21:19:03,640 - INFO - Fetching paste content: 5YFjL66F
2025-05-15 21:19:03,716 - INFO - No keywords found in paste 5YFjL66F
2025-05-15 21:19:07,672 - INFO - Fetching paste content: PvADQs3h
2025-05-15 21:19:07,735 - INFO - No keywords found in paste PvADQs3h
2025-05-15 21:19:10,689 - INFO - Fetching paste content: 1sCSebrG
2025-05-15 21:19:10,756 - INFO - No keywords found in paste 1sCSebrG
2025-05-15 21:19:13,352 - INFO - Fetching paste content: rJaceGDz
2025-05-15 21:19:13,426 - INFO - Paste rJaceGDz contains keywords: t.me
2025-05-15 21:19:13,427 - INFO - Saved match for paste rJaceGDz with keywords: t.me
2025-05-15 21:19:16,503 - INFO - Fetching paste content: 0qM7vupu
2025-05-15 21:19:16,586 - INFO - Paste 0qM7vupu contains keywords: eth, crypto, btc, ada, defi
2025-05-15 21:19:16,588 - INFO - Saved match for paste 0qM7vupu with keywords: eth, crypto, btc, ada, defi
2025-05-15 21:19:19,813 - INFO - Fetching paste content: 0F10m0Ks
2025-05-15 21:19:19,890 - INFO - No keywords found in paste 0F10m0Ks
2025-05-15 21:19:23,594 - INFO - Fetching paste content: N5R0x91c
2025-05-15 21:19:23,657 - INFO - No keywords found in paste N5R0x91c
2025-05-15 21:19:25,687 - INFO - Fetching paste content: QzAT8XmG
2025-05-15 21:19:25,755 - INFO - No keywords found in paste QzAT8XmG
2025-05-15 21:19:28,831 - INFO - Fetching paste content: LTQh1UqK
2025-05-15 21:19:28,901 - INFO - No keywords found in paste LTQh1UqK
2025-05-15 21:19:32,556 - INFO - Fetching paste content: NdHHZ2QA
2025-05-15 21:19:32,640 - INFO - Paste NdHHZ2QA contains keywords: t.me
2025-05-15 21:19:32,641 - INFO - Saved match for paste NdHHZ2QA with keywords: t.me
2025-05-15 21:19:36,117 - INFO - Fetching paste content: xdWkWr5g
2025-05-15 21:19:36,189 - INFO - No keywords found in paste xdWkWr5g
2025-05-15 21:19:39,681 - INFO - Fetching paste content: izjWzpeU
2025-05-15 21:19:39,754 - INFO - No keywords found in paste izjWzpeU
2025-05-15 21:19:43,315 - INFO - Fetching paste content: GVc9UiTJ
2025-05-15 21:19:43,380 - INFO - Paste GVc9UiTJ contains keywords: t.me
2025-05-15 21:19:43,381 - INFO - Saved match for paste GVc9UiTJ with keywords: t.me
2025-05-15 21:19:45,452 - INFO - Fetching paste content: DUEJjnW6
2025-05-15 21:19:45,519 - INFO - No keywords found in paste DUEJjnW6
2025-05-15 21:19:48,522 - INFO - Fetching paste content: QqVThSx7
2025-05-15 21:19:48,592 - INFO - No keywords found in paste QqVThSx7
2025-05-15 21:19:52,892 - INFO - Fetching paste content: 4JhkbXyu
2025-05-15 21:19:52,961 - INFO - No keywords found in paste 4JhkbXyu
2025-05-15 21:19:54,979 - INFO - Fetching paste content: YKF4qRyz
2025-05-15 21:19:55,059 - INFO - No keywords found in paste YKF4qRyz
2025-05-15 21:19:57,096 - INFO - Fetching paste content: urmK8nye
2025-05-15 21:19:57,166 - INFO - No keywords found in paste urmK8nye
2025-05-15 21:19:59,872 - INFO - Fetching paste content: mmqFuL7W
2025-05-15 21:19:59,943 - INFO - Paste mmqFuL7W contains keywords: t.me
2025-05-15 21:19:59,943 - INFO - Saved match for paste mmqFuL7W with keywords: t.me
2025-05-15 21:20:03,705 - INFO - Fetching paste content: AUQknLrx
2025-05-15 21:20:03,787 - INFO - Paste AUQknLrx contains keywords: t.me
2025-05-15 21:20:03,787 - INFO - Saved match for paste AUQknLrx with keywords: t.me
2025-05-15 21:20:07,488 - INFO - Fetching paste content: L5AUfSmJ
2025-05-15 21:20:07,565 - INFO - No keywords found in paste L5AUfSmJ
2025-05-15 21:20:11,072 - INFO - Fetching paste content: N3mUtTUL
2025-05-15 21:20:11,139 - INFO - No keywords found in paste N3mUtTUL
2025-05-15 21:20:15,093 - INFO - Fetching paste content: HFpwcwue
2025-05-15 21:20:15,160 - INFO - No keywords found in paste HFpwcwue
2025-05-15 21:20:15,160 - INFO - Crawling complete. Processed 50 pastes, found 26 matches.
2025-05-15 21:20:15,160 - INFO - Crawler finished execution
2025-05-15 21:20:19,200 - INFO - Starting Pastebin keyword crawler
2025-05-15 21:20:19,200 - INFO - Threading enabled with 10 workers
2025-05-15 21:20:19,200 - INFO - Fetching Pastebin archive page
2025-05-15 21:20:19,586 - INFO - Found 50 paste IDs in archive
2025-05-15 21:20:19,587 - INFO - Starting threaded crawl with 10 workers
2025-05-15 21:20:21,870 - INFO - Fetching paste content: 9PMtysWY
2025-05-15 21:20:21,910 - INFO - Fetching paste content: GJBvLkMH
2025-05-15 21:20:22,211 - INFO - Fetching paste content: Ks5NT3mL
2025-05-15 21:20:22,245 - INFO - Paste 9PMtysWY contains keywords: t.me
2025-05-15 21:20:22,246 - INFO - Saved match for paste 9PMtysWY with keywords: t.me
2025-05-15 21:20:22,319 - INFO - Fetching paste content: cXwBJX4g
2025-05-15 21:20:22,361 - INFO - Fetching paste content: hTsE5G75
2025-05-15 21:20:22,389 - INFO - Paste cXwBJX4g contains keywords: t.me
2025-05-15 21:20:22,390 - INFO - Saved match for paste cXwBJX4g with keywords: t.me
2025-05-15 21:20:22,421 - INFO - Paste hTsE5G75 contains keywords: t.me
2025-05-15 21:20:22,421 - INFO - Saved match for paste hTsE5G75 with keywords: t.me
2025-05-15 21:20:22,541 - INFO - Fetching paste content: aV0d3W3D
2025-05-15 21:20:22,628 - INFO - Paste GJBvLkMH contains keywords: t.me
2025-05-15 21:20:22,628 - INFO - Saved match for paste GJBvLkMH with keywords: t.me
2025-05-15 21:20:22,755 - INFO - Fetching paste content: F4xWZGwG
2025-05-15 21:20:22,826 - INFO - Paste F4xWZGwG contains keywords: t.me
2025-05-15 21:20:22,827 - INFO - Saved match for paste F4xWZGwG with keywords: t.me
2025-05-15 21:20:22,949 - INFO - Paste Ks5NT3mL contains keywords: t.me
2025-05-15 21:20:22,949 - INFO - Saved match for paste Ks5NT3mL with keywords: t.me
2025-05-15 21:20:23,273 - INFO - Paste aV0d3W3D contains keywords: t.me
2025-05-15 21:20:23,274 - INFO - Saved match for paste aV0d3W3D with keywords: t.me
2025-05-15 21:20:24,196 - INFO - Fetching paste content: fDfT5Mqp
2025-05-15 21:20:24,266 - INFO - Paste fDfT5Mqp contains keywords: t.me
2025-05-15 21:20:24,266 - INFO - Saved match for paste fDfT5Mqp with keywords: t.me
2025-05-15 21:20:24,386 - INFO - Fetching paste content: P1ed8az3
2025-05-15 21:20:24,528 - INFO - Fetching paste content: 9QuJWJGa
2025-05-15 21:20:24,751 - INFO - Paste P1ed8az3 contains keywords: t.me
2025-05-15 21:20:24,751 - INFO - Saved match for paste P1ed8az3 with keywords: t.me
2025-05-15 21:20:25,026 - INFO - Fetching paste content: FDxeEXvZ
2025-05-15 21:20:25,090 - INFO - Paste FDxeEXvZ contains keywords: t.me
2025-05-15 21:20:25,091 - INFO - Saved match for paste FDxeEXvZ with keywords: t.me
2025-05-15 21:20:25,305 - INFO - Paste 9QuJWJGa contains keywords: t.me
2025-05-15 21:20:25,306 - INFO - Saved match for paste 9QuJWJGa with keywords: t.me
2025-05-15 21:20:25,378 - INFO - Fetching paste content: hSjf5MM2
2025-05-15 21:20:25,459 - INFO - Paste hSjf5MM2 contains keywords: t.me
2025-05-15 21:20:25,459 - INFO - Saved match for paste hSjf5MM2 with keywords: t.me
2025-05-15 21:20:25,489 - INFO - Fetching paste content: iBefiZRs
2025-05-15 21:20:25,554 - INFO - Paste iBefiZRs contains keywords: t.me
2025-05-15 21:20:25,554 - INFO - Saved match for paste iBefiZRs with keywords: t.me
2025-05-15 21:20:26,035 - INFO - Fetching paste content: whyhGtC6
2025-05-15 21:20:26,110 - INFO - No keywords found in paste whyhGtC6
2025-05-15 21:20:26,970 - INFO - Fetching paste content: ib39XSug
2025-05-15 21:20:27,074 - INFO - No keywords found in paste ib39XSug
2025-05-15 21:20:27,102 - INFO - Fetching paste content: R4JTmE72
2025-05-15 21:20:27,170 - INFO - Paste R4JTmE72 contains keywords: t.me
2025-05-15 21:20:27,170 - INFO - Saved match for paste R4JTmE72 with keywords: t.me
2025-05-15 21:20:27,240 - INFO - Fetching paste content: TxUqaEC1
2025-05-15 21:20:27,260 - INFO - Fetching paste content: mcrhqDy0
2025-05-15 21:20:27,307 - INFO - Paste TxUqaEC1 contains keywords: t.me
2025-05-15 21:20:27,308 - INFO - Saved match for paste TxUqaEC1 with keywords: t.me
2025-05-15 21:20:27,325 - INFO - No keywords found in paste mcrhqDy0
2025-05-15 21:20:27,603 - INFO - Fetching paste content: bCu8VCUV
2025-05-15 21:20:27,675 - INFO - Paste bCu8VCUV contains keywords: eth
2025-05-15 21:20:27,676 - INFO - Saved match for paste bCu8VCUV with keywords: eth
2025-05-15 21:20:27,885 - INFO - Fetching paste content: US9vhxSX
2025-05-15 21:20:27,957 - INFO - Paste US9vhxSX contains keywords: t.me
2025-05-15 21:20:27,957 - INFO - Saved match for paste US9vhxSX with keywords: t.me
2025-05-15 21:20:28,321 - INFO - Fetching paste content: gaECNkPw
2025-05-15 21:20:28,387 - INFO - Paste gaECNkPw contains keywords: t.me
2025-05-15 21:20:28,388 - INFO - Saved match for paste gaECNkPw with keywords: t.me
2025-05-15 21:20:28,926 - INFO - Fetching paste content: 3Tq3sE2b
2025-05-15 21:20:28,992 - INFO - No keywords found in paste 3Tq3sE2b
2025-05-15 21:20:29,017 - INFO - Fetching paste content: Q5FwAzgt
2025-05-15 21:20:29,108 - INFO - Paste Q5FwAzgt contains keywords: t.me
2025-05-15 21:20:29,108 - INFO - Saved match for paste Q5FwAzgt with keywords: t.me
2025-05-15 21:20:29,322 - INFO - Fetching paste content: NLJSaZXE
2025-05-15 21:20:29,392 - INFO - Paste NLJSaZXE contains keywords: defi
2025-05-15 21:20:29,392 - INFO - Saved match for paste NLJSaZXE with keywords: defi
2025-05-15 21:20:29,972 - INFO - Fetching paste content: 1ZPhfFhg
2025-05-15 21:20:30,048 - INFO - Paste 1ZPhfFhg contains keywords: t.me
2025-05-15 21:20:30,048 - INFO - Saved match for paste 1ZPhfFhg with keywords: t.me
2025-05-15 21:20:30,492 - INFO - Fetching paste content: PvADQs3h
2025-05-15 21:20:30,562 - INFO - No keywords found in paste PvADQs3h
2025-05-15 21:20:30,949 - INFO - Fetching paste content: WJTKiATu
2025-05-15 21:20:31,017 - INFO - No keywords found in paste WJTKiATu
2025-05-15 21:20:31,430 - INFO - Fetching paste content: 7K4F4u1C
2025-05-15 21:20:31,504 - INFO - No keywords found in paste 7K4F4u1C
2025-05-15 21:20:31,655 - INFO - Fetching paste content: iTivTHyr
2025-05-15 21:20:31,729 - INFO - Paste iTivTHyr contains keywords: t.me
2025-05-15 21:20:31,730 - INFO - Saved match for paste iTivTHyr with keywords: t.me
2025-05-15 21:20:31,956 - INFO - Fetching paste content: 7yrsBWVk
2025-05-15 21:20:32,050 - INFO - No keywords found in paste 7yrsBWVk
2025-05-15 21:20:32,184 - INFO - Fetching paste content: 5YFjL66F
2025-05-15 21:20:32,266 - INFO - No keywords found in paste 5YFjL66F
2025-05-15 21:20:32,496 - INFO - Fetching paste content: rJaceGDz
2025-05-15 21:20:32,566 - INFO - Paste rJaceGDz contains keywords: t.me
2025-05-15 21:20:32,568 - INFO - Saved match for paste rJaceGDz with keywords: t.me
2025-05-15 21:20:32,924 - INFO - Fetching paste content: 1sCSebrG
2025-05-15 21:20:32,992 - INFO - No keywords found in paste 1sCSebrG
2025-05-15 21:20:33,009 - INFO - Fetching paste content: 0F10m0Ks
2025-05-15 21:20:33,077 - INFO - No keywords found in paste 0F10m0Ks
2025-05-15 21:20:33,408 - INFO - Fetching paste content: 0qM7vupu
2025-05-15 21:20:33,492 - INFO - Paste 0qM7vupu contains keywords: eth, defi, btc, crypto, ada
2025-05-15 21:20:33,492 - INFO - Saved match for paste 0qM7vupu with keywords: eth, defi, btc, crypto, ada
2025-05-15 21:20:34,259 - INFO - Fetching paste content: N5R0x91c
2025-05-15 21:20:34,334 - INFO - No keywords found in paste N5R0x91c
2025-05-15 21:20:34,973 - INFO - Fetching paste content: LTQh1UqK
2025-05-15 21:20:35,047 - INFO - No keywords found in paste LTQh1UqK
2025-05-15 21:20:35,211 - INFO - Fetching paste content: DUEJjnW6
2025-05-15 21:20:35,282 - INFO - No keywords found in paste DUEJjnW6
2025-05-15 21:20:35,976 - INFO - Fetching paste content: QzAT8XmG
2025-05-15 21:20:36,047 - INFO - No keywords found in paste QzAT8XmG
2025-05-15 21:20:36,084 - INFO - Fetching paste content: izjWzpeU
2025-05-15 21:20:36,155 - INFO - No keywords found in paste izjWzpeU
2025-05-15 21:20:36,499 - INFO - Fetching paste content: NdHHZ2QA
2025-05-15 21:20:36,507 - INFO - Fetching paste content: QqVThSx7
2025-05-15 21:20:36,565 - INFO - Paste NdHHZ2QA contains keywords: t.me
2025-05-15 21:20:36,565 - INFO - Saved match for paste NdHHZ2QA with keywords: t.me
2025-05-15 21:20:36,575 - INFO - No keywords found in paste QqVThSx7
2025-05-15 21:20:36,779 - INFO - Fetching paste content: YKF4qRyz
2025-05-15 21:20:36,843 - INFO - No keywords found in paste YKF4qRyz
2025-05-15 21:20:36,921 - INFO - Fetching paste content: xdWkWr5g
2025-05-15 21:20:36,986 - INFO - No keywords found in paste xdWkWr5g
2025-05-15 21:20:37,100 - INFO - Fetching paste content: urmK8nye
2025-05-15 21:20:37,166 - INFO - No keywords found in paste urmK8nye
2025-05-15 21:20:37,424 - INFO - Fetching paste content: GVc9UiTJ
2025-05-15 21:20:37,489 - INFO - Paste GVc9UiTJ contains keywords: t.me
2025-05-15 21:20:37,490 - INFO - Saved match for paste GVc9UiTJ with keywords: t.me
2025-05-15 21:20:37,559 - INFO - Fetching paste content: mmqFuL7W
2025-05-15 21:20:37,640 - INFO - Paste mmqFuL7W contains keywords: t.me
2025-05-15 21:20:37,640 - INFO - Saved match for paste mmqFuL7W with keywords: t.me
2025-05-15 21:20:38,156 - INFO - Fetching paste content: 4JhkbXyu
2025-05-15 21:20:38,260 - INFO - No keywords found in paste 4JhkbXyu
2025-05-15 21:20:38,744 - INFO - Fetching paste content: AUQknLrx
2025-05-15 21:20:38,832 - INFO - Paste AUQknLrx contains keywords: t.me
2025-05-15 21:20:38,832 - INFO - Saved match for paste AUQknLrx with keywords: t.me
2025-05-15 21:20:39,144 - INFO - Fetching paste content: L5AUfSmJ
2025-05-15 21:20:39,215 - INFO - No keywords found in paste L5AUfSmJ
2025-05-15 21:20:39,216 - INFO - Crawling complete. Processed 50 pastes, found 28 matches.
2025-05-15 21:20:39,217 - INFO - Crawler finished execution
